I'm sorry, but errors were detected in your script. Please correct the
errors listed below, and try again.


File "game/Act1.rpy", line 145: indentation mismatch.

Ren'Py Version: Ren'Py 7.3.0.271
Thu Jun 27 00:07:36 2019
